../Core/debug_toolbox/Src/uart_tools.c:17:6:udebug_init	24	static
../Core/debug_toolbox/Src/uart_tools.c:25:19:udebug_enable_rx_polling	16	static
../Core/debug_toolbox/Src/uart_tools.c:31:6:udebug	1048	static
../Core/debug_toolbox/Src/uart_tools.c:37:6:udebug_string	1048	static
../Core/debug_toolbox/Src/uart_tools.c:43:6:udebug_char	1048	static
../Core/debug_toolbox/Src/uart_tools.c:49:7:udebug_colored	1056	static
../Core/debug_toolbox/Src/uart_tools.c:55:6:udebug_raw	24	static
../Core/debug_toolbox/Src/uart_tools.c:61:6:udebug_formatted	1048	static
../Core/debug_toolbox/Src/uart_tools.c:67:6:udebug_formatted_str	1048	static
../Core/debug_toolbox/Src/uart_tools.c:74:6:udebug_formatted_twice	1056	static
../Core/debug_toolbox/Src/uart_tools.c:80:6:udebug_formatted_four	1072	static
../Core/debug_toolbox/Src/uart_tools.c:87:6:udebug_binary_variable	1200	static
../Core/debug_toolbox/Src/uart_tools.c:93:6:udebug_formatted_twice_int16_binary	1224	static
../Core/debug_toolbox/Src/uart_tools.c:99:10:udebug_get_RxBuffer	4	static
../Core/debug_toolbox/Src/uart_tools.c:104:6:udebug_function_name	1048	static
../Core/debug_toolbox/Src/uart_tools.c:113:28:HAL_UART_RxCpltCallback	16	static
