../Core/debug_toolbox/Src/uart_tools.c:17:6:udebug_init	24	static
../Core/debug_toolbox/Src/uart_tools.c:25:19:udebug_enable_rx_polling	16	static
../Core/debug_toolbox/Src/uart_tools.c:31:6:udebug	1048	static
../Core/debug_toolbox/Src/uart_tools.c:37:6:udebug_string	1048	static
../Core/debug_toolbox/Src/uart_tools.c:43:6:udebug_char	1048	static
../Core/debug_toolbox/Src/uart_tools.c:49:7:udebug_colored	1056	static
../Core/debug_toolbox/Src/uart_tools.c:55:6:udebug_raw	24	static
../Core/debug_toolbox/Src/uart_tools.c:61:6:udebug_formatted	1048	static
../Core/debug_toolbox/Src/uart_tools.c:68:6:udebug_formatted_float	1048	static
../Core/debug_toolbox/Src/uart_tools.c:75:6:udebug_formatted_str	1048	static
../Core/debug_toolbox/Src/uart_tools.c:82:6:udebug_formatted_twice	1056	static
../Core/debug_toolbox/Src/uart_tools.c:88:6:udebug_formatted_four	1072	static
../Core/debug_toolbox/Src/uart_tools.c:94:6:udebug_formatted_eight	1088	static
../Core/debug_toolbox/Src/uart_tools.c:101:6:udebug_formatted_six	1080	static
../Core/debug_toolbox/Src/uart_tools.c:109:6:udebug_binary_variable	1200	static
../Core/debug_toolbox/Src/uart_tools.c:115:6:udebug_formatted_twice_int16_binary	1224	static
../Core/debug_toolbox/Src/uart_tools.c:121:10:udebug_get_RxBuffer	4	static
../Core/debug_toolbox/Src/uart_tools.c:126:6:udebug_function_name	1048	static
../Core/debug_toolbox/Src/uart_tools.c:135:28:HAL_UART_RxCpltCallback	16	static
