../Core/Src/AGOLFIE.c:24:6:config_sensors_address	16	static
../Core/Src/AGOLFIE.c:49:6:Agolfie_sensors_begin	16	static
../Core/Src/AGOLFIE.c:59:6:Agolfie_config_sensors	16	static
../Core/Src/AGOLFIE.c:79:6:Agolfie_update_sensors_value	80	static
../Core/Src/AGOLFIE.c:119:6:refresh_obstacle	16	static
../Core/Src/AGOLFIE.c:206:6:Agolfie_Forward_dostep	16	static
../Core/Src/AGOLFIE.c:234:6:Agolfie_Backward_dostep	16	static
../Core/Src/AGOLFIE.c:257:9:refresh_front	16	static
../Core/Src/AGOLFIE.c:285:6:proto_sm	8	static
../Core/Src/AGOLFIE.c:374:9:refresh_back	16	static
../Core/Src/AGOLFIE.c:402:6:Agolfie_init	4	static
../Core/Src/AGOLFIE.c:408:6:Agolfie_SetSpeed	16	static
